[futureseedearth.com/index.html]
[cmp.gatekeeperconsent.com/min.js]
[the.gatekeeperconsent.com/cmp.min.js]
[backblue.gif]
[fade.gif]
[index.html]
[ajax.googleapis.com/ajax/libs/jquery/1.11.1/jquery.min.js]
[futureseedearth.com/assets/img/cropped-site_logo-1-3.png]
[futureseedearth.com/assets/vendor/animate.css/animate.min.css]
[futureseedearth.com/assets/vendor/aos/aos.css]
[www.ezojs.com/ezoic/sa.min.js]
[futureseedearth.com/assets/vendor/bootstrap-icons/bootstrap-icons.css]
[futureseedearth.com/assets/vendor/bootstrap/css/bootstrap.min.css]
[futureseedearth.com/assets/vendor/boxicons/css/boxicons.min.css]
[futureseedearth.com/assets/vendor/glightbox/css/glightbox.min.css]
[futureseedearth.com/assets/vendor/remixicon/remixicon.css]
[futureseedearth.com/assets/vendor/swiper/swiper-bundle.min.css]
[futureseedearth.com/assets/css/style.css]
[futureseedearth.com/donate.html]
[futureseedearth.com/index-2.html]
[futureseedearth.com/about.html]
[futureseedearth.com/team.html]
[futureseedearth.com/services.html]
[futureseedearth.com/portfolio.html]
[futureseedearth.com/pricing.html]
[futureseedearth.com/blog.html]
[futureseedearth.com/contact.html]
[futureseedearth.com/assets/img/banner2.jpg]
[futureseedearth.com/assets/img/plan.jpg]
[futureseedearth.com/assets/img/bhavti2.jpg]
[futureseedearth.com/assets/img/HOSLA1.jpg]
[futureseedearth.com/assets/img/banner5.jpg]
[futureseedearth.com/pricing.php]
[futureseedearth.com/assets/img/jpg_20230210_130845_0000.jpg]
[futureseedearth.com/assets/img/banner1.png]
[futureseedearth.com/assets/videos/plantation (1).mp4]
[futureseedearth.com/blog-single.html]
[futureseedearth.com/assets/videos/Video_185427_060322.mp4]
[futureseedearth.com/bhavati_blog.html]
[futureseedearth.com/assets/videos/Video_191242_060322.mp4]
[futureseedearth.com/hosla.html]
[futureseedearth.com/assets/videos/Mask.mp4]
[futureseedearth.com/mask.html]
[futureseedearth.com/assets/img/upi.png]
[futureseedearth.com/environmental-research.html]
[futureseedearth.com/peoples-health.html]
[futureseedearth.com/csr.html]
[futureseedearth.com/ecosystem-restoration.html]
[futureseedearth.com/awareness-program.html]
[futureseedearth.com/renewable-energy.html]
[futureseedearth.com/assets/img/Our Supporters/supporter10.jpg]
[futureseedearth.com/assets/img/Our Supporters/supporter11.jpg]
[futureseedearth.com/assets/img/Our Supporters/supporter12.jpg]
[futureseedearth.com/assets/img/Our Supporters/supporters1.png]
[futureseedearth.com/assets/img/Our Supporters/supporters2.png]
[futureseedearth.com/assets/img/Our Supporters/supporters3.jpg]
[futureseedearth.com/assets/img/Our Supporters/supporters4.jpg]
[futureseedearth.com/assets/img/Our Supporters/supporters5.png]
[futureseedearth.com/assets/img/Our Supporters/supporters6.jpg]
[futureseedearth.com/assets/img/Our Supporters/supporters7.jpg]
[futureseedearth.com/assets/img/Our Supporters/supporters8.png]
[futureseedearth.com/assets/img/Our Supporters/supporters9.png]
[futureseedearth.com/assets/img/Our Supporters/supporters10.png]
[futureseedearth.com/assets/img/Our Supporters/supporters7.png]
[futureseedearth.com/assets/img/portfolio/productvart1.jpg]
[futureseedearth.com/assets/img/portfolio/1.jpg]
[futureseedearth.com/assets/img/portfolio/productvart2.jpg]
[futureseedearth.com/assets/img/portfolio/2.jpg]
[futureseedearth.com/assets/img/portfolio/productbhavti1.jpg]
[futureseedearth.com/assets/img/portfolio/5.jpg]
[futureseedearth.com/assets/img/portfolio/productvart3.jpg]
[futureseedearth.com/assets/img/portfolio/3.jpg]
[futureseedearth.com/assets/img/portfolio/productbhavti3.jpg]
[futureseedearth.com/assets/img/portfolio/4.jpg]
[futureseedearth.com/assets/img/portfolio/productbhavti2.jpg]
[futureseedearth.com/assets/img/portfolio/6.jpg]
[futureseedearth.com/assets/Introduction to FSEF.pdf]
[futureseedearth.com/login.html]
[futureseedearth.com/assets/vendor/aos/aos.js]
[futureseedearth.com/assets/vendor/bootstrap/js/bootstrap.bundle.min.js]
[futureseedearth.com/assets/vendor/glightbox/js/glightbox.min.js]
[futureseedearth.com/assets/vendor/isotope-layout/isotope.pkgd.min.js]
[futureseedearth.com/assets/vendor/swiper/swiper-bundle.min.js]
[futureseedearth.com/assets/vendor/waypoints/noframework.waypoints.js]
[futureseedearth.com/assets/vendor/php-email-form/validate.js]
[futureseedearth.com/assets/js/main.js]
[futureseedearth.com/assets/js/count.js]
[futureseedearth.com/index.html]
[futureseedearth.com/assets/vendor/animate.css/animate.min.css]
[futureseedearth.com/assets/vendor/aos/aos.css]
[futureseedearth.com/assets/vendor/bootstrap/css/bootstrap.min.css]
[futureseedearth.com/assets/vendor/bootstrap-icons/fonts/bootstrap-icons3413.woff2]
[futureseedearth.com/assets/vendor/bootstrap-icons/bootstrap-icons.css]
[futureseedearth.com/assets/vendor/bootstrap-icons/fonts/bootstrap-icons3413.woff]
[futureseedearth.com/assets/vendor/boxicons/fonts/boxicons.eot]
[futureseedearth.com/assets/vendor/boxicons/fonts/boxicons.woff2]
[futureseedearth.com/assets/vendor/boxicons/fonts/boxicons.woff]
[futureseedearth.com/assets/vendor/boxicons/fonts/boxicons.ttf]
[futureseedearth.com/assets/vendor/boxicons/css/boxicons.min.css]
[futureseedearth.com/assets/vendor/glightbox/css/glightbox.min.css]
[futureseedearth.com/assets/vendor/boxicons/fonts/boxiconsd41d.svg]
[futureseedearth.com/assets/vendor/remixicon/remixicondf6d.eot]
[futureseedearth.com/assets/vendor/remixicon/remixicondf6d.woff2]
[futureseedearth.com/assets/vendor/remixicon/remixicondf6d.woff]
[futureseedearth.com/assets/vendor/remixicon/remixicondf6d.ttf]
[futureseedearth.com/assets/vendor/remixicon/remixicon.css]
[futureseedearth.com/assets/vendor/swiper/swiper-bundle.min.css]
[futureseedearth.com/assets/css/style.css]
[futureseedearth.com/assets/vendor/remixicon/remixicondf6d.svg]
[futureseedearth.com/assets/css/donate.css]
[futureseedearth.com/donate.html]
[futureseedearth.com/index-2.html]
[futureseedearth.com/assets/img/bhavti1.jpg]
[futureseedearth.com/assets/img/VRAKSHAM1.jpg]
[futureseedearth.com/assets/img/vishal1.jpg]
[futureseedearth.com/assets/img/clients/1.jpg]
[futureseedearth.com/assets/img/clients/2.png]
[futureseedearth.com/assets/img/clients/3.jpg]
[futureseedearth.com/assets/img/clients/4.jpg]
[futureseedearth.com/assets/img/clients/5.jpg]
[futureseedearth.com/assets/img/clients/6.jpg]
[futureseedearth.com/assets/img/clients/7.jpg]
[futureseedearth.com/assets/img/clients/8.jpg]
[futureseedearth.com/assets/img/clients/9.jpg]
[futureseedearth.com/assets/img/clients/10.jpg]
[futureseedearth.com/assets/img/clients/11.jpg]
[futureseedearth.com/assets/img/clients/12.jpg]
[futureseedearth.com/about.html]
[futureseedearth.com/assets/img/team/rahultomar.jpg]
[futureseedearth.com/assets/img/team/devanshuyadav.jpg]
[futureseedearth.com/assets/img/team/upendersingh.jpg]
[futureseedearth.com/assets/img/team/sagartyagi.jpg]
[futureseedearth.com/assets/img/team/talimhasan.jpg]
[futureseedearth.com/assets/img/team/abhishekruhella.jpg]
[futureseedearth.com/assets/img/OurTeam.pdf]
[futureseedearth.com/team.html]
[futureseedearth.com/services.html]
[futureseedearth.com/index-3.html]
[futureseedearth.com/portfolio.html]
[futureseedearth.com/assets/css/event.css]
[futureseedearth.com/assets/img/vishal2.jpg]
[futureseedearth.com/assets/img/vishal3.jpg]
[futureseedearth.com/assets/img/vishal4.jpg]
[futureseedearth.com/assets/img/bhavti3.jpg]
[futureseedearth.com/assets/img/bhavti4.jpg]
[futureseedearth.com/assets/img/VRAKSHAm2.jpg]
[futureseedearth.com/assets/img/VRAKSHAM3.jpg]
[futureseedearth.com/assets/img/VRAKSHAM4.jpg]
[futureseedearth.com/assets/img/HOSLA2.jpg]
[futureseedearth.com/assets/img/HOSLA3.jpg]
[futureseedearth.com/assets/img/HOSLA4.jpg]
[futureseedearth.com/assets/img/MASK1.png]
[futureseedearth.com/assets/img/MASK2.jpg]
[futureseedearth.com/assets/img/MASK3.jpg]
[futureseedearth.com/assets/img/MASK4.jpg]
[futureseedearth.com/pricing.html]
[futureseedearth.com/active]
[futureseedearth.com/assets/img/inside/4.jpg]
[futureseedearth.com/assets/img/inside/b3.jpg]
[futureseedearth.com/assets/img/inside/c5.jpg]
[futureseedearth.com/assets/img/inside/d5.jpg]
[futureseedearth.com/blog.html]
[futureseedearth.com/contact.html]
[futureseedearth.com/pricing-2.html]
[futureseedearth.com/assets/img/inside/1.jpg]
[futureseedearth.com/assets/img/inside/2.jpg]
[futureseedearth.com/assets/img/inside/3.jpg]
[futureseedearth.com/assets/img/inside/5.jpg]
[futureseedearth.com/assets/img/inside/6.jpg]
[futureseedearth.com/assets/img/inside/a1.jpg]
[futureseedearth.com/assets/img/inside/a2.jpg]
[futureseedearth.com/assets/img/inside/a3.jpg]
[futureseedearth.com/assets/img/inside/a4.png]
[futureseedearth.com/assets/img/inside/a5.jpg]
[futureseedearth.com/assets/img/inside/a6.png]
[futureseedearth.com/assets/img/inside/a7.jpg]
[futureseedearth.com/assets/img/inside/a8.jpg]
[futureseedearth.com/assets/img/inside/a9.jpg]
[futureseedearth.com/assets/img/inside/a10.jpg]
[futureseedearth.com/assets/img/inside/a11.png]
[futureseedearth.com/assets/img/inside/a12.jpg]
[futureseedearth.com/blog-single.html]
[futureseedearth.com/assets/img/inside/b1.jpg]
[futureseedearth.com/assets/img/inside/b4.jpg]
[futureseedearth.com/assets/img/inside/b5.jpg]
[futureseedearth.com/assets/img/inside/b7.jpg]
[futureseedearth.com/bhavati_blog.html]
[futureseedearth.com/assets/img/inside/c1.jpg]
[futureseedearth.com/assets/img/inside/c2.jpg]
[futureseedearth.com/assets/img/inside/c3.jpg]
[futureseedearth.com/assets/img/inside/c4.jpg]
[futureseedearth.com/assets/img/inside/c6.jpg]
[futureseedearth.com/assets/img/inside/c7.jpg]
[futureseedearth.com/assets/img/inside/c8.jpg]
[futureseedearth.com/assets/img/inside/c9.jpg]
[futureseedearth.com/assets/img/inside/c10.jpg]
[futureseedearth.com/assets/img/inside/c11.jpg]
[futureseedearth.com/assets/img/inside/c12.jpg]
[futureseedearth.com/assets/img/inside/c13.jpg]
[futureseedearth.com/assets/img/inside/c15.jpg]
[futureseedearth.com/assets/img/inside/c14.jpg]
[futureseedearth.com/hosla.html]
[futureseedearth.com/assets/img/inside/d1.jpg]
[futureseedearth.com/assets/img/inside/d2.jpg]
[futureseedearth.com/assets/img/inside/d3.jpg]
[futureseedearth.com/assets/img/inside/d4.jpg]
[futureseedearth.com/assets/img/inside/d6.jpg]
[futureseedearth.com/assets/img/inside/d7.jpg]
[futureseedearth.com/assets/img/inside/d8.jpg]
[futureseedearth.com/assets/img/inside/d9.jpg]
[futureseedearth.com/assets/img/inside/d10.jpg]
[futureseedearth.com/assets/img/inside/d11.jpg]
[futureseedearth.com/mask.html]
[futureseedearth.com/assets/img/envi.webp]
[futureseedearth.com/assets/img/envi1.webp]
[futureseedearth.com/environmental-research.html]
[futureseedearth.com/assets/img/people.webp]
[futureseedearth.com/assets/img/people1.webp]
[futureseedearth.com/peoples-health.html]
[futureseedearth.com/assets/img/csr.webp]
[futureseedearth.com/csr.html]
[futureseedearth.com/assets/img/restoration.webp]
[futureseedearth.com/ecosystem-restoration.html]
[futureseedearth.com/assets/img/awareness.webp]
[futureseedearth.com/awareness-program.html]
[futureseedearth.com/assets/img/renewable-energy.webp]
[futureseedearth.com/renewable-energy.html]
[futureseedearth.com/assets/img/Our Supporters/supporters7.html]
[futureseedearth.com/login.html]
[futureseedearth.com/assets/vendor/aos/aos.js]
[futureseedearth.com/assets/vendor/bootstrap/js/bootstrap.bundle.min.js]
[futureseedearth.com/assets/vendor/glightbox/js/glightbox.min.js]
[futureseedearth.com/assets/vendor/isotope-layout/isotope.pkgd.min.js]
[futureseedearth.com/assets/vendor/swiper/swiper-bundle.min.js]
[futureseedearth.com/assets/vendor/waypoints/noframework.waypoints.js]
[futureseedearth.com/assets/vendor/php-email-form/validate.html]
[futureseedearth.com/assets/js/main.js]
[futureseedearth.com/assets/js/count.js]
[futureseedearth.com/dist/index.html]
[futureseedearth.com/assets/vendor/boxicons/fonts/boxiconsd41d.svg]
[futureseedearth.com/assets/vendor/remixicon/remixicondf6d.svg]
[futureseedearth.com/assets/css/donate.css]
[futureseedearth.com/index-3.html]
[futureseedearth.com/assets/css/event.css]
[futureseedearth.com/active.html]
[futureseedearth.com/dist/index.html]
